2026-08-15 22:47:50 [info] [login.spec] Open The TTA Cart
2026-08-15 22:47:50 [info] [LoginPage] Open Login Page
2026-08-15 22:47:53 [info] [login.spec] Logging in as standard_user
2026-08-15 22:47:53 [info] [LoginPage] LoginAsstandard_user
2026-08-15 22:49:38 [info] [login.spec] Open The TTA Cart
2026-08-15 22:49:38 [info] [LoginPage] Open Login Page
2026-08-15 22:49:39 [info] [login.spec] Logging in as standard_user
2026-08-15 22:49:39 [info] [LoginPage] LoginAsstandard_user
2026-08-15 22:53:04 [info] [login.spec] Open The TTA Cart
2026-08-15 22:53:04 [info] [LoginPage] Open Login Page
2026-08-15 22:53:07 [info] [login.spec] Logging in as standard_user
2026-08-15 22:53:07 [info] [LoginPage] LoginAsstandard_user
2026-08-15 22:53:08 [info] [login.spec] Asserting login form is hidden after login
2026-08-16 10:29:26 [info] [login.spec] Open The TTA Cart
2026-08-16 10:29:26 [info] [LoginPage] Open Login Page
2026-08-16 10:29:30 [info] [login.spec] Logging in as standard_user
2026-08-16 10:29:30 [info] [LoginPage] LoginAsstandard_user
2026-08-16 10:29:31 [info] [login.spec] Asserting login form is hidden after login
2026-08-16 17:38:22 [info] [login.spec] Open The TTA Cart
2026-08-16 17:38:22 [info] [LoginPage] Open Login Page
2026-08-16 17:38:24 [info] [login.spec] Logging in as standard_user
2026-08-16 17:38:24 [info] [LoginPage] LoginAsstandard_user
2026-08-16 17:38:24 [info] [login.spec] Asserting login form is hidden after login
2026-08-16 17:38:33 [info] [login.spec] Open The TTA Cart
2026-08-16 17:38:33 [info] [LoginPage] Open Login Page
2026-08-16 17:38:35 [info] [login.spec] Login As invalid user
2026-08-16 17:38:35 [info] [LoginPage] LoginAsNonstand_User
2026-08-16 17:38:35 [info] [login.spec] Asserting login form is hidden after login
2026-08-16 17:38:41 [info] [login.spec] Open The TTA Cart
2026-08-16 17:38:41 [info] [LoginPage] Open Login Page
2026-08-16 17:38:41 [info] [login.spec] Open The TTA Cart
2026-08-16 17:38:41 [info] [LoginPage] Open Login Page
2026-08-16 17:38:43 [info] [login.spec] Logging in as standard_user
2026-08-16 17:38:43 [info] [LoginPage] LoginAsstandard_user
2026-08-16 17:38:43 [info] [login.spec] Login As invalid user
2026-08-16 17:38:43 [info] [LoginPage] LoginAsNonstand_User
2026-08-16 17:38:43 [info] [login.spec] Asserting login form is hidden after login
2026-08-16 17:38:43 [info] [login.spec] Asserting login form is hidden after login
2026-08-16 21:09:46 [info] [login.spec] Open The TTA Cart
2026-08-16 21:09:46 [info] [LoginPage] Open Login Page
2026-08-16 21:10:08 [info] [login.spec] Open The TTA Cart
2026-08-16 21:10:08 [info] [LoginPage] Open Login Page
2026-08-16 21:10:08 [info] [login.spec] Open The TTA Cart
2026-08-16 21:10:08 [info] [LoginPage] Open Login Page
